[0.031s] Invoking command in '/home/mkhanum/datapipe/build/smartbelt_segmentation': CMAKE_PREFIX_PATH=${CMAKE_PREFIX_PATH}:/opt/ros/humble /usr/bin/cmake --build /home/mkhanum/datapipe/build/smartbelt_segmentation --clean-first -- -j16 -l16
[0.251s] -- Found ament_cmake: 1.3.11 (/opt/ros/humble/share/ament_cmake/cmake)
[0.453s] -- Found rclcpp: 16.0.11 (/opt/ros/humble/share/rclcpp/cmake)
[0.818s] -- Found rosidl_generator_c: 3.1.6 (/opt/ros/humble/share/rosidl_generator_c/cmake)
[0.823s] -- Found rosidl_adapter: 3.1.6 (/opt/ros/humble/share/rosidl_adapter/cmake)
[0.836s] -- Found rosidl_generator_cpp: 3.1.6 (/opt/ros/humble/share/rosidl_generator_cpp/cmake)
[0.856s] -- Using all available rosidl_typesupport_c: rosidl_typesupport_fastrtps_c;rosidl_typesupport_introspection_c
[0.878s] -- Using all available rosidl_typesupport_cpp: rosidl_typesupport_fastrtps_cpp;rosidl_typesupport_introspection_cpp
[0.942s] -- Found rmw_implementation_cmake: 6.1.2 (/opt/ros/humble/share/rmw_implementation_cmake/cmake)
[0.946s] -- Found rmw_fastrtps_cpp: 6.2.7 (/opt/ros/humble/share/rmw_fastrtps_cpp/cmake)
[10.698s] -- Using RMW implementation 'rmw_fastrtps_cpp' as default
[10.832s] -- Found sensor_msgs: 4.2.4 (/opt/ros/humble/share/sensor_msgs/cmake)
[10.912s] -- Found image_geometry: 3.2.1 (/opt/ros/humble/share/image_geometry/cmake)
[10.944s] -- Found tf2: 0.25.12 (/opt/ros/humble/share/tf2/cmake)
[10.955s] -- Found tf2_ros: 0.25.12 (/opt/ros/humble/share/tf2_ros/cmake)
[11.099s] -- Found tf2_eigen: 0.25.12 (/opt/ros/humble/share/tf2_eigen/cmake)
[11.105s] -- Found tf2_geometry_msgs: 0.25.12 (/opt/ros/humble/share/tf2_geometry_msgs/cmake)
[11.112s] -- Found eigen3_cmake_module: 0.1.1 (/opt/ros/humble/share/eigen3_cmake_module/cmake)
[11.114s] -- Found Eigen3: TRUE (found version "3.4.0") 
[11.114s] -- Ensuring Eigen3 include directory is part of orocos-kdl CMake target
[11.117s] -- Found cv_bridge: 3.2.1 (/opt/ros/humble/share/cv_bridge/cmake)
[11.127s] -- Found image_transport: 3.1.10 (/opt/ros/humble/share/image_transport/cmake)
[13.545s] -- Eigen found (include: /usr/include/eigen3, version: 3.4.0)
[13.589s] -- OpenNI found (version: 1.5.4.0, include: /usr/include/ni, lib: /usr/lib/libOpenNI.so;libusb::libusb)
[13.599s] -- OpenNI2 found (version: 2.2.0.33, include: /usr/include/openni2, lib: /usr/lib/x86_64-linux-gnu/libOpenNI2.so;libusb::libusb)
[13.599s] [0m** WARNING ** io features related to pcap will be disabled[0m
[13.599s] [0m** WARNING ** io features related to png will be disabled[0m
[16.153s] -- Found Eigen3: /usr/include/eigen3 (found version "3.4.0") 
[20.067s] -- Eigen found (include: /usr/include/eigen3, version: 3.4.0)
[20.067s] -- looking for PCL_COMMON
[20.068s] -- looking for PCL_OCTREE
[20.068s] -- looking for PCL_IO
[20.071s] -- Found pcl_conversions: 2.4.5 (/opt/ros/humble/share/pcl_conversions/cmake)
[20.117s] -- Found rosbag2_cpp: 0.15.13 (/opt/ros/humble/share/rosbag2_cpp/cmake)
[22.798s] -- Found CURL: /usr/lib/x86_64-linux-gnu/libcurl.so (found version "7.81.0")  
[22.802s] -- Found nlohmann_json: /usr/lib/cmake/nlohmann_json/nlohmann_jsonConfig.cmake (found version "3.10.5") 
[22.929s] -- Configuring done
[23.090s] -- Generating done
[23.116s] -- Build files have been written to: /home/mkhanum/datapipe/build/smartbelt_segmentation
[23.164s] [ 12%] [32mBuilding CXX object CMakeFiles/mk_matching_ptcld.dir/src/MK_matching_ptcld.cpp.o[0m
[23.166s] [ 25%] [32mBuilding CXX object CMakeFiles/mk_rgb_seg_bag.dir/src/MK_rgb_seg_bag.cpp.o[0m
[23.168s] [ 37%] [32mBuilding CXX object CMakeFiles/mk_rgb_seg.dir/src/MK_rgb_seg.cpp.o[0m
[23.169s] [ 50%] [32mBuilding CXX object CMakeFiles/mk_pc_seg.dir/src/MK_pc_seg.cpp.o[0m
[33.051s] [01m[K/home/mkhanum/datapipe/ros2_ws/src/smartbelt_segmentation/src/MK_rgb_seg_bag.cpp:123:10:[m[K [01;31m[Kerror: [m[K‘[01m[KMatching_Pix_to_Ptcld[m[K’ has not been declared
[33.053s]   123 |     bool [01;31m[KMatching_Pix_to_Ptcld[m[K::run_gsam2(const std::string& image_path, const std::string& mask_path) {
[33.054s]       |          [01;31m[K^~~~~~~~~~~~~~~~~~~~~[m[K
[37.104s] gmake[2]: *** [CMakeFiles/mk_rgb_seg_bag.dir/build.make:76: CMakeFiles/mk_rgb_seg_bag.dir/src/MK_rgb_seg_bag.cpp.o] Error 1
[37.107s] gmake[1]: *** [CMakeFiles/Makefile2:195: CMakeFiles/mk_rgb_seg_bag.dir/all] Error 2
[37.108s] gmake[1]: *** Waiting for unfinished jobs....
[37.130s] [ 62%] [32m[1mLinking CXX executable mk_pc_seg[0m
[38.902s] [ 62%] Built target mk_pc_seg
[49.574s] [ 75%] [32m[1mLinking CXX executable mk_rgb_seg[0m
[50.936s] [ 75%] Built target mk_rgb_seg
[57.982s] [ 87%] [32m[1mLinking CXX executable mk_matching_ptcld[0m
[59.907s] [ 87%] Built target mk_matching_ptcld
[59.911s] gmake: *** [Makefile:146: all] Error 2
[59.976s] Invoked command in '/home/mkhanum/datapipe/build/smartbelt_segmentation' returned '2': CMAKE_PREFIX_PATH=${CMAKE_PREFIX_PATH}:/opt/ros/humble /usr/bin/cmake --build /home/mkhanum/datapipe/build/smartbelt_segmentation --clean-first -- -j16 -l16
