[0.034s] Invoking command in '/home/mkhanum/datapipe/build/smartbelt_segmentation': CMAKE_PREFIX_PATH=${CMAKE_PREFIX_PATH}:/opt/ros/humble /usr/bin/cmake --build /home/mkhanum/datapipe/build/smartbelt_segmentation --clean-first -- -j16 -l16
[0.475s] [ 12%] [32mBuilding CXX object CMakeFiles/mk_rgb_seg.dir/src/MK_rgb_seg.cpp.o[0m
[0.494s] [ 25%] [32mBuilding CXX object CMakeFiles/mk_pc_seg.dir/src/MK_pc_seg.cpp.o[0m
[0.504s] [ 37%] [32mBuilding CXX object CMakeFiles/mk_matching_ptcld.dir/src/MK_matching_ptcld.cpp.o[0m
[0.509s] [ 50%] [32mBuilding CXX object CMakeFiles/mk_rgb_seg_bag.dir/src/MK_rgb_seg_bag.cpp.o[0m
[23.997s] [ 62%] [32m[1mLinking CXX executable mk_rgb_seg_bag[0m
[24.523s] [ 75%] [32m[1mLinking CXX executable mk_pc_seg[0m
[25.760s] [ 75%] Built target mk_pc_seg
[25.761s] [ 75%] Built target mk_rgb_seg_bag
[40.360s] [ 87%] [32m[1mLinking CXX executable mk_rgb_seg[0m
[41.820s] [ 87%] Built target mk_rgb_seg
[49.652s] [100%] [32m[1mLinking CXX executable mk_matching_ptcld[0m
[51.515s] [100%] Built target mk_matching_ptcld
[51.753s] Invoked command in '/home/mkhanum/datapipe/build/smartbelt_segmentation' returned '0': CMAKE_PREFIX_PATH=${CMAKE_PREFIX_PATH}:/opt/ros/humble /usr/bin/cmake --build /home/mkhanum/datapipe/build/smartbelt_segmentation --clean-first -- -j16 -l16
[51.907s] Invoking command in '/home/mkhanum/datapipe/build/smartbelt_segmentation': CMAKE_PREFIX_PATH=${CMAKE_PREFIX_PATH}:/opt/ros/humble /usr/bin/cmake --install /home/mkhanum/datapipe/build/smartbelt_segmentation
[51.932s] -- Install configuration: ""
[51.938s] -- Installing: /home/mkhanum/datapipe/install/smartbelt_segmentation/lib/smartbelt_segmentation/mk_matching_ptcld
[51.954s] -- Set runtime path of "/home/mkhanum/datapipe/install/smartbelt_segmentation/lib/smartbelt_segmentation/mk_matching_ptcld" to ""
[51.956s] -- Installing: /home/mkhanum/datapipe/install/smartbelt_segmentation/lib/smartbelt_segmentation/mk_rgb_seg
[51.961s] -- Set runtime path of "/home/mkhanum/datapipe/install/smartbelt_segmentation/lib/smartbelt_segmentation/mk_rgb_seg" to ""
[51.962s] -- Installing: /home/mkhanum/datapipe/install/smartbelt_segmentation/lib/smartbelt_segmentation/mk_rgb_seg_bag
[51.963s] -- Set runtime path of "/home/mkhanum/datapipe/install/smartbelt_segmentation/lib/smartbelt_segmentation/mk_rgb_seg_bag" to ""
[51.965s] -- Installing: /home/mkhanum/datapipe/install/smartbelt_segmentation/lib/smartbelt_segmentation/mk_pc_seg
[51.968s] -- Set runtime path of "/home/mkhanum/datapipe/install/smartbelt_segmentation/lib/smartbelt_segmentation/mk_pc_seg" to ""
[51.969s] -- Up-to-date: /home/mkhanum/datapipe/install/smartbelt_segmentation/share/smartbelt_segmentation/launch
[51.971s] -- Installing: /home/mkhanum/datapipe/install/smartbelt_segmentation/share/smartbelt_segmentation/launch/downsample.launch.py
[51.974s] -- Up-to-date: /home/mkhanum/datapipe/install/smartbelt_segmentation/share/smartbelt_segmentation/launch/segmentation.launch.py
[51.975s] -- Up-to-date: /home/mkhanum/datapipe/install/smartbelt_segmentation/share/smartbelt_segmentation/launch/rgb_segmentation.launch.py
[51.975s] -- Up-to-date: /home/mkhanum/datapipe/install/smartbelt_segmentation/share/smartbelt_segmentation/launch/__pycache__
[51.977s] -- Installing: /home/mkhanum/datapipe/install/smartbelt_segmentation/share/smartbelt_segmentation/launch/__pycache__/downsample.launch.cpython-310.pyc
[51.980s] -- Up-to-date: /home/mkhanum/datapipe/install/smartbelt_segmentation/share/smartbelt_segmentation/launch/segmentation.launch.xml
[51.980s] -- Up-to-date: /home/mkhanum/datapipe/install/smartbelt_segmentation/share/ament_index/resource_index/package_run_dependencies/smartbelt_segmentation
[51.980s] -- Up-to-date: /home/mkhanum/datapipe/install/smartbelt_segmentation/share/ament_index/resource_index/parent_prefix_path/smartbelt_segmentation
[51.981s] -- Up-to-date: /home/mkhanum/datapipe/install/smartbelt_segmentation/share/smartbelt_segmentation/environment/ament_prefix_path.sh
[51.981s] -- Up-to-date: /home/mkhanum/datapipe/install/smartbelt_segmentation/share/smartbelt_segmentation/environment/ament_prefix_path.dsv
[51.981s] -- Up-to-date: /home/mkhanum/datapipe/install/smartbelt_segmentation/share/smartbelt_segmentation/environment/path.sh
[51.982s] -- Up-to-date: /home/mkhanum/datapipe/install/smartbelt_segmentation/share/smartbelt_segmentation/environment/path.dsv
[51.982s] -- Up-to-date: /home/mkhanum/datapipe/install/smartbelt_segmentation/share/smartbelt_segmentation/local_setup.bash
[51.982s] -- Up-to-date: /home/mkhanum/datapipe/install/smartbelt_segmentation/share/smartbelt_segmentation/local_setup.sh
[51.982s] -- Up-to-date: /home/mkhanum/datapipe/install/smartbelt_segmentation/share/smartbelt_segmentation/local_setup.zsh
[51.982s] -- Up-to-date: /home/mkhanum/datapipe/install/smartbelt_segmentation/share/smartbelt_segmentation/local_setup.dsv
[51.982s] -- Installing: /home/mkhanum/datapipe/install/smartbelt_segmentation/share/smartbelt_segmentation/package.dsv
[51.983s] -- Up-to-date: /home/mkhanum/datapipe/install/smartbelt_segmentation/share/ament_index/resource_index/packages/smartbelt_segmentation
[51.984s] -- Up-to-date: /home/mkhanum/datapipe/install/smartbelt_segmentation/share/smartbelt_segmentation/cmake/smartbelt_segmentationConfig.cmake
[51.984s] -- Up-to-date: /home/mkhanum/datapipe/install/smartbelt_segmentation/share/smartbelt_segmentation/cmake/smartbelt_segmentationConfig-version.cmake
[51.984s] -- Up-to-date: /home/mkhanum/datapipe/install/smartbelt_segmentation/share/smartbelt_segmentation/package.xml
[52.005s] Invoked command in '/home/mkhanum/datapipe/build/smartbelt_segmentation' returned '0': CMAKE_PREFIX_PATH=${CMAKE_PREFIX_PATH}:/opt/ros/humble /usr/bin/cmake --install /home/mkhanum/datapipe/build/smartbelt_segmentation
