[0.020s] Invoking command in '/home/mkhanum/datapipe/build/smartbelt_segmentation': CMAKE_PREFIX_PATH=${CMAKE_PREFIX_PATH}:/opt/ros/humble /usr/bin/cmake --build /home/mkhanum/datapipe/build/smartbelt_segmentation --clean-first -- -j16 -l16
[0.174s] [ 50%] [32mBuilding CXX object CMakeFiles/mk_matching_ptcld.dir/src/MK_matching_ptcld.cpp.o[0m
[0.174s] [ 50%] [32mBuilding CXX object CMakeFiles/mk_rgb_seg_bag.dir/src/MK_rgb_seg_bag.cpp.o[0m
[0.174s] [ 50%] [32mBuilding CXX object CMakeFiles/mk_rgb_seg.dir/src/MK_rgb_seg.cpp.o[0m
[0.175s] [ 50%] [32mBuilding CXX object CMakeFiles/mk_pc_seg.dir/src/MK_pc_seg.cpp.o[0m
[12.119s] [ 62%] [32m[1mLinking CXX executable mk_pc_seg[0m
[13.230s] [ 62%] Built target mk_pc_seg
[13.901s] [ 75%] [32m[1mLinking CXX executable mk_rgb_seg_bag[0m
[14.869s] [ 75%] Built target mk_rgb_seg_bag
[24.900s] [ 87%] [32m[1mLinking CXX executable mk_rgb_seg[0m
[26.219s] [ 87%] Built target mk_rgb_seg
[33.361s] [100%] [32m[1mLinking CXX executable mk_matching_ptcld[0m
[35.336s] [100%] Built target mk_matching_ptcld
[35.373s] Invoked command in '/home/mkhanum/datapipe/build/smartbelt_segmentation' returned '0': CMAKE_PREFIX_PATH=${CMAKE_PREFIX_PATH}:/opt/ros/humble /usr/bin/cmake --build /home/mkhanum/datapipe/build/smartbelt_segmentation --clean-first -- -j16 -l16
[35.400s] Invoking command in '/home/mkhanum/datapipe/build/smartbelt_segmentation': CMAKE_PREFIX_PATH=${CMAKE_PREFIX_PATH}:/opt/ros/humble /usr/bin/cmake --install /home/mkhanum/datapipe/build/smartbelt_segmentation
[35.410s] -- Install configuration: ""
[35.411s] -- Installing: /home/mkhanum/datapipe/install/smartbelt_segmentation/lib/smartbelt_segmentation/mk_matching_ptcld
[35.431s] -- Set runtime path of "/home/mkhanum/datapipe/install/smartbelt_segmentation/lib/smartbelt_segmentation/mk_matching_ptcld" to ""
[35.431s] -- Installing: /home/mkhanum/datapipe/install/smartbelt_segmentation/lib/smartbelt_segmentation/mk_rgb_seg
[35.449s] -- Set runtime path of "/home/mkhanum/datapipe/install/smartbelt_segmentation/lib/smartbelt_segmentation/mk_rgb_seg" to ""
[35.449s] -- Installing: /home/mkhanum/datapipe/install/smartbelt_segmentation/lib/smartbelt_segmentation/mk_rgb_seg_bag
[35.452s] -- Set runtime path of "/home/mkhanum/datapipe/install/smartbelt_segmentation/lib/smartbelt_segmentation/mk_rgb_seg_bag" to ""
[35.452s] -- Installing: /home/mkhanum/datapipe/install/smartbelt_segmentation/lib/smartbelt_segmentation/mk_pc_seg
[35.456s] -- Set runtime path of "/home/mkhanum/datapipe/install/smartbelt_segmentation/lib/smartbelt_segmentation/mk_pc_seg" to ""
[35.456s] -- Up-to-date: /home/mkhanum/datapipe/install/smartbelt_segmentation/share/smartbelt_segmentation/launch
[35.456s] -- Up-to-date: /home/mkhanum/datapipe/install/smartbelt_segmentation/share/smartbelt_segmentation/launch/downsample.launch.py
[35.456s] -- Up-to-date: /home/mkhanum/datapipe/install/smartbelt_segmentation/share/smartbelt_segmentation/launch/segmentation.launch.py
[35.457s] -- Up-to-date: /home/mkhanum/datapipe/install/smartbelt_segmentation/share/smartbelt_segmentation/launch/rgb_segmentation.launch.py
[35.457s] -- Up-to-date: /home/mkhanum/datapipe/install/smartbelt_segmentation/share/smartbelt_segmentation/launch/__pycache__
[35.457s] -- Installing: /home/mkhanum/datapipe/install/smartbelt_segmentation/share/smartbelt_segmentation/launch/__pycache__/downsample.launch.cpython-310.pyc
[35.457s] -- Up-to-date: /home/mkhanum/datapipe/install/smartbelt_segmentation/share/smartbelt_segmentation/launch/segmentation.launch.xml
[35.457s] -- Up-to-date: /home/mkhanum/datapipe/install/smartbelt_segmentation/share/ament_index/resource_index/package_run_dependencies/smartbelt_segmentation
[35.457s] -- Installing: /home/mkhanum/datapipe/install/smartbelt_segmentation/share/ament_index/resource_index/parent_prefix_path/smartbelt_segmentation
[35.458s] -- Up-to-date: /home/mkhanum/datapipe/install/smartbelt_segmentation/share/smartbelt_segmentation/environment/ament_prefix_path.sh
[35.458s] -- Installing: /home/mkhanum/datapipe/install/smartbelt_segmentation/share/smartbelt_segmentation/environment/ament_prefix_path.dsv
[35.458s] -- Up-to-date: /home/mkhanum/datapipe/install/smartbelt_segmentation/share/smartbelt_segmentation/environment/path.sh
[35.458s] -- Installing: /home/mkhanum/datapipe/install/smartbelt_segmentation/share/smartbelt_segmentation/environment/path.dsv
[35.459s] -- Up-to-date: /home/mkhanum/datapipe/install/smartbelt_segmentation/share/smartbelt_segmentation/local_setup.bash
[35.459s] -- Up-to-date: /home/mkhanum/datapipe/install/smartbelt_segmentation/share/smartbelt_segmentation/local_setup.sh
[35.459s] -- Up-to-date: /home/mkhanum/datapipe/install/smartbelt_segmentation/share/smartbelt_segmentation/local_setup.zsh
[35.460s] -- Installing: /home/mkhanum/datapipe/install/smartbelt_segmentation/share/smartbelt_segmentation/local_setup.dsv
[35.460s] -- Installing: /home/mkhanum/datapipe/install/smartbelt_segmentation/share/smartbelt_segmentation/package.dsv
[35.460s] -- Up-to-date: /home/mkhanum/datapipe/install/smartbelt_segmentation/share/ament_index/resource_index/packages/smartbelt_segmentation
[35.461s] -- Up-to-date: /home/mkhanum/datapipe/install/smartbelt_segmentation/share/smartbelt_segmentation/cmake/smartbelt_segmentationConfig.cmake
[35.461s] -- Up-to-date: /home/mkhanum/datapipe/install/smartbelt_segmentation/share/smartbelt_segmentation/cmake/smartbelt_segmentationConfig-version.cmake
[35.461s] -- Up-to-date: /home/mkhanum/datapipe/install/smartbelt_segmentation/share/smartbelt_segmentation/package.xml
[35.468s] Invoked command in '/home/mkhanum/datapipe/build/smartbelt_segmentation' returned '0': CMAKE_PREFIX_PATH=${CMAKE_PREFIX_PATH}:/opt/ros/humble /usr/bin/cmake --install /home/mkhanum/datapipe/build/smartbelt_segmentation
